2026-09-15 15:15:32 [INFO] hello_time started (runner=mac-launchd)
2026-09-15 15:15:32 [INFO] current time: 2026-09-15 15:15:32
2026-09-15 15:15:32 [INFO] hello_time finished successfully
2026-09-15 17:30:07 [INFO] hello_time started (runner=mac-launchd)
2026-09-15 17:30:07 [INFO] UTC now:    2026-09-15 14:30:07 UTC
2026-09-15 17:30:07 [INFO] Beirut now: 2026-09-15 17:30:07 EEST
2026-09-15 17:30:07 [INFO] hello_time finished successfully
2026-09-15 14:34:25 UTC [INFO] hello_time started (runner=mac-launchd)
2026-09-15 14:34:25 UTC [INFO] UTC now:    2026-09-15 14:34:25 UTC
2026-09-15 14:34:25 UTC [INFO] Beirut now: 2026-09-15 17:34:25 EEST
2026-09-15 14:34:25 UTC [INFO] hello_time finished successfully
2026-09-16 06:06:23 UTC [INFO] hello_time started (runner=mac-launchd)
2026-09-16 06:06:23 UTC [INFO] UTC now:    2026-09-16 06:06:23 UTC
2026-09-16 06:06:23 UTC [INFO] Beirut now: 2026-09-16 09:06:23 EEST
2026-09-16 06:06:23 UTC [INFO] hello_time finished successfully
2026-09-17 06:02:38 UTC [INFO] hello_time started (runner=mac-launchd)
2026-09-17 06:02:38 UTC [INFO] UTC now:    2026-09-17 06:02:38 UTC
2026-09-17 06:02:38 UTC [INFO] Beirut now: 2026-09-17 09:02:38 EEST
2026-09-17 06:02:38 UTC [INFO] hello_time finished successfully
2026-09-17 16:37:29 UTC [INFO] hello_time started (runner=mac-launchd)
2026-09-17 16:37:29 UTC [INFO] UTC now:    2026-09-17 16:37:29 UTC
2026-09-17 16:37:29 UTC [INFO] Beirut now: 2026-09-17 19:37:29 EEST
2026-09-17 16:37:29 UTC [INFO] hello_time finished successfully
